Brakeman v8.0.6
Loading scanner...
Scanning /home/calebl/.treehouse/text-adventure-b5f921/13/text-adventure
Processing gems...
Processing configuration...
Finding files...
Parsing files...
Detecting file types...
Processing initializers...
Processing libraries...
Processing routes...
Processing templates...
Processing data flow...
Processing models...
Processing controllers...
Processing data flow...
Indexing method calls...
Running 79 checks in parallel...
Filtering warnings......
Using '/home/calebl/.treehouse/text-adventure-b5f921/13/text-adventure/config/brakeman.ignore' to filter warnings
Generating report...

== Brakeman Report ==

Application Path: /home/calebl/.treehouse/text-adventure-b5f921/13/text-adventure
Rails Version: 8.1.3.1
Brakeman Version: 8.0.6
Scan Date: 2026-09-10 13:02:20 -0400
Duration: 17.351166041 seconds
Checks Run: BasicAuth, BasicAuthTimingAttack, CSRFTokenForgeryCVE, ContentTag, CookieSerialization, CreateWith, CrossSiteScripting, DefaultRoutes, Deserialize, DetailedExceptions, DigestDoS, DynamicFinders, EOLRails, EOLRuby, EscapeFunction, Evaluation, Execute, FileAccess, FileDisclosure, FilterSkipping, ForgerySetting, HeaderDoS, I18nXSS, JRubyXML, JSONEncoding, JSONEntityEscape, JSONParsing, LinkTo, LinkToHref, MailTo, MassAssignment, MimeTypeDoS, ModelAttrAccessible, ModelAttributes, ModelSerialize, NestedAttributes, NestedAttributesBypass, NumberToCurrency, PageCachingCVE, Pathname, PermitAttributes, QuoteTableName, Ransack, Redirect, RegexDoS, Render, RenderDoS, RenderInline, RenderRCE, ResponseSplitting, RouteDoS, SQL, SQLCVEs, SSLVerify, SafeBufferManipulation, SanitizeConfigCve, SanitizeMethods, SelectTag, SelectVulnerability, Send, SendFile, SessionManipulation, SessionSettings, SimpleFormat, SingleQuotes, SkipBeforeFilter, SprocketsPathTraversal, StripTags, SymbolDoSCVE, TemplateInjection, TranslateBug, UnsafeReflection, UnsafeReflectionMethods, ValidationRegex, VerbConfusion, WeakRSAKey, WithoutProtection, XMLDoS, YAMLParsing

== Overview ==

Controllers: 12
Models: 123
Templates: 34
Errors: 0
Security Warnings: 0
Ignored Warnings: 2

== Warning Types ==


No warnings found
