Running 4155 tests in parallel using 16 processes
Run options: --seed 57312

# Running:

................................................................................................................................................................................................................................................................................................................................................................................................................................................................................................................................................................................................................................................................................................................................................................................................................................................................................................................................................................................................................................................................................................................................................................................................E

Error:
Quest::DeadlineTest#test_a_building_the_world_already_has_is_used_rather_than_a_second_one_raised_beside_it:
NoMethodError: undefined method 'location' for nil
    test/models/quest/deadline_test.rb:153:in 'block in <class:DeadlineTest>'

bin/rails test test/models/quest/deadline_test.rb:140

.................................................................................................................................................................................................................................................................................................................................................................................................................................................................................................................................................................................................................................................................................................................................................................................................................................................................................................................................................................................................................................................................................................................................................................................................................................................................................................................................................................................................................................................................................................................................................................................................................................................................................................................................................................................................................................................................................................................................................................................................................................................................................................................................................................................................................................................................................................................................................................................................................................................................................................................................................................................................................................................................................................................................................................................................................................................................................................................../home/calebl/Projects/text-adventure/lib/tasks/eval.rake:259: warning: already initialized constant RealizationTasks::SPEND_CEILING
/home/calebl/Projects/text-adventure/lib/tasks/eval.rake:259: warning: previous definition of SPEND_CEILING was here
/home/calebl/Projects/text-adventure/lib/tasks/eval.rake:392: warning: already initialized constant PromptTasks::SPEND_CEILING
/home/calebl/Projects/text-adventure/lib/tasks/eval.rake:392: warning: previous definition of SPEND_CEILING was here
/home/calebl/Projects/text-adventure/lib/tasks/eval.rake:491: warning: already initialized constant ClassifierTasks::SPEND_CEILING
/home/calebl/Projects/text-adventure/lib/tasks/eval.rake:491: warning: previous definition of SPEND_CEILING was here
/home/calebl/Projects/text-adventure/lib/tasks/eval.rake:611: warning: already initialized constant EvalTasks::DEFAULT_REPS
/home/calebl/Projects/text-adventure/lib/tasks/eval.rake:611: warning: previous definition of DEFAULT_REPS was here
/home/calebl/Projects/text-adventure/lib/tasks/eval.rake:612: warning: already initialized constant EvalTasks::SPEND_CEILING
/home/calebl/Projects/text-adventure/lib/tasks/eval.rake:612: warning: previous definition of SPEND_CEILING was here
/home/calebl/Projects/text-adventure/lib/tasks/eval.rake:623: warning: already initialized constant EvalTasks::RUN_TIMEOUT
/home/calebl/Projects/text-adventure/lib/tasks/eval.rake:623: warning: previous definition of RUN_TIMEOUT was here
/home/calebl/Projects/text-adventure/lib/tasks/eval.rake:259: warning: already initialized constant RealizationTasks::SPEND_CEILING
/home/calebl/Projects/text-adventure/lib/tasks/eval.rake:259: warning: previous definition of SPEND_CEILING was here
/home/calebl/Projects/text-adventure/lib/tasks/eval.rake:392: warning: already initialized constant PromptTasks::SPEND_CEILING
/home/calebl/Projects/text-adventure/lib/tasks/eval.rake:392: warning: previous definition of SPEND_CEILING was here
/home/calebl/Projects/text-adventure/lib/tasks/eval.rake:491: warning: already initialized constant ClassifierTasks::SPEND_CEILING
/home/calebl/Projects/text-adventure/lib/tasks/eval.rake:491: warning: previous definition of SPEND_CEILING was here
/home/calebl/Projects/text-adventure/lib/tasks/eval.rake:611: warning: already initialized constant EvalTasks::DEFAULT_REPS
/home/calebl/Projects/text-adventure/lib/tasks/eval.rake:611: warning: previous definition of DEFAULT_REPS was here
/home/calebl/Projects/text-adventure/lib/tasks/eval.rake:612: warning: already initialized constant EvalTasks::SPEND_CEILING
/home/calebl/Projects/text-adventure/lib/tasks/eval.rake:612: warning: previous definition of SPEND_CEILING was here
/home/calebl/Projects/text-adventure/lib/tasks/eval.rake:623: warning: already initialized constant EvalTasks::RUN_TIMEOUT
/home/calebl/Projects/text-adventure/lib/tasks/eval.rake:623: warning: previous definition of RUN_TIMEOUT was here
/home/calebl/Projects/text-adventure/lib/tasks/eval.rake:259: warning: already initialized constant RealizationTasks::SPEND_CEILING
/home/calebl/Projects/text-adventure/lib/tasks/eval.rake:259: warning: previous definition of SPEND_CEILING was here
/home/calebl/Projects/text-adventure/lib/tasks/eval.rake:392: warning: already initialized constant PromptTasks::SPEND_CEILING
/home/calebl/Projects/text-adventure/lib/tasks/eval.rake:392: warning: previous definition of SPEND_CEILING was here
/home/calebl/Projects/text-adventure/lib/tasks/eval.rake:491: warning: already initialized constant ClassifierTasks::SPEND_CEILING
/home/calebl/Projects/text-adventure/lib/tasks/eval.rake:491: warning: previous definition of SPEND_CEILING was here
/home/calebl/Projects/text-adventure/lib/tasks/eval.rake:611: warning: already initialized constant EvalTasks::DEFAULT_REPS
/home/calebl/Projects/text-adventure/lib/tasks/eval.rake:611: warning: previous definition of DEFAULT_REPS was here
/home/calebl/Projects/text-adventure/lib/tasks/eval.rake:612: warning: already initialized constant EvalTasks::SPEND_CEILING
/home/calebl/Projects/text-adventure/lib/tasks/eval.rake:612: warning: previous definition of SPEND_CEILING was here
/home/calebl/Projects/text-adventure/lib/tasks/eval.rake:623: warning: already initialized constant EvalTasks::RUN_TIMEOUT
/home/calebl/Projects/text-adventure/lib/tasks/eval.rake:623: warning: previous definition of RUN_TIMEOUT was here
/home/calebl/Projects/text-adventure/lib/tasks/eval.rake:259: warning: already initialized constant RealizationTasks::SPEND_CEILING
/home/calebl/Projects/text-adventure/lib/tasks/eval.rake:259: warning: previous definition of SPEND_CEILING was here
/home/calebl/Projects/text-adventure/lib/tasks/eval.rake:392: warning: already initialized constant PromptTasks::SPEND_CEILING
/home/calebl/Projects/text-adventure/lib/tasks/eval.rake:392: warning: previous definition of SPEND_CEILING was here
/home/calebl/Projects/text-adventure/lib/tasks/eval.rake:491: warning: already initialized constant ClassifierTasks::SPEND_CEILING
/home/calebl/Projects/text-adventure/lib/tasks/eval.rake:491: warning: previous definition of SPEND_CEILING was here
/home/calebl/Projects/text-adventure/lib/tasks/eval.rake:611: warning: already initialized constant EvalTasks::DEFAULT_REPS
/home/calebl/Projects/text-adventure/lib/tasks/eval.rake:611: warning: previous definition of DEFAULT_REPS was here
/home/calebl/Projects/text-adventure/lib/tasks/eval.rake:612: warning: already initialized constant EvalTasks::SPEND_CEILING
/home/calebl/Projects/text-adventure/lib/tasks/eval.rake:612: warning: previous definition of SPEND_CEILING was here
/home/calebl/Projects/text-adventure/lib/tasks/eval.rake:623: warning: already initialized constant EvalTasks::RUN_TIMEOUT
/home/calebl/Projects/text-adventure/lib/tasks/eval.rake:623: warning: previous definition of RUN_TIMEOUT was here
/home/calebl/Projects/text-adventure/lib/tasks/eval.rake:259: warning: already initialized constant RealizationTasks::SPEND_CEILING
/home/calebl/Projects/text-adventure/lib/tasks/eval.rake:259: warning: previous definition of SPEND_CEILING was here
/home/calebl/Projects/text-adventure/lib/tasks/eval.rake:392: warning: already initialized constant PromptTasks::SPEND_CEILING
/home/calebl/Projects/text-adventure/lib/tasks/eval.rake:392: warning: previous definition of SPEND_CEILING was here
/home/calebl/Projects/text-adventure/lib/tasks/eval.rake:491: warning: already initialized constant ClassifierTasks::SPEND_CEILING
/home/calebl/Projects/text-adventure/lib/tasks/eval.rake:491: warning: previous definition of SPEND_CEILING was here
/home/calebl/Projects/text-adventure/lib/tasks/eval.rake:611: warning: already initialized constant EvalTasks::DEFAULT_REPS
/home/calebl/Projects/text-adventure/lib/tasks/eval.rake:611: warning: previous definition of DEFAULT_REPS was here
/home/calebl/Projects/text-adventure/lib/tasks/eval.rake:612: warning: already initialized constant EvalTasks::SPEND_CEILING
/home/calebl/Projects/text-adventure/lib/tasks/eval.rake:612: warning: previous definition of SPEND_CEILING was here
/home/calebl/Projects/text-adventure/lib/tasks/eval.rake:623: warning: already initialized constant EvalTasks::RUN_TIMEOUT
/home/calebl/Projects/text-adventure/lib/tasks/eval.rake:623: warning: previous definition of RUN_TIMEOUT was here
/home/calebl/Projects/text-adventure/lib/tasks/game.rake:714: warning: already initialized constant Helpers::MECHANICS_QUIT
/home/calebl/Projects/text-adventure/lib/tasks/game.rake:714: warning: previous definition of MECHANICS_QUIT was here
/home/calebl/Projects/text-adventure/lib/tasks/game.rake:776: warning: already initialized constant Helpers::REMEDY_LABELS
/home/calebl/Projects/text-adventure/lib/tasks/game.rake:776: warning: previous definition of REMEDY_LABELS was here
/home/calebl/Projects/text-adventure/lib/tasks/game.rake:845: warning: already initialized constant Helpers::SCORE_MARKS
/home/calebl/Projects/text-adventure/lib/tasks/game.rake:845: warning: previous definition of SCORE_MARKS was here
/home/calebl/Projects/text-adventure/lib/tasks/game.rake:714: warning: already initialized constant Helpers::MECHANICS_QUIT
/home/calebl/Projects/text-adventure/lib/tasks/game.rake:714: warning: previous definition of MECHANICS_QUIT was here
/home/calebl/Projects/text-adventure/lib/tasks/game.rake:776: warning: already initialized constant Helpers::REMEDY_LABELS
/home/calebl/Projects/text-adventure/lib/tasks/game.rake:776: warning: previous definition of REMEDY_LABELS was here
/home/calebl/Projects/text-adventure/lib/tasks/game.rake:845: warning: already initialized constant Helpers::SCORE_MARKS
/home/calebl/Projects/text-adventure/lib/tasks/game.rake:845: warning: previous definition of SCORE_MARKS was here
/home/calebl/Projects/text-adventure/lib/tasks/lab.rake:89: warning: already initialized constant LabTasks::SPEND_CEILING
/home/calebl/Projects/text-adventure/lib/tasks/lab.rake:89: warning: previous definition of SPEND_CEILING was here
/home/calebl/Projects/text-adventure/lib/tasks/lab.rake:97: warning: already initialized constant LabTasks::CONFIRMATION
/home/calebl/Projects/text-adventure/lib/tasks/lab.rake:97: warning: previous definition of CONFIRMATION was here
/home/calebl/Projects/text-adventure/lib/tasks/lab.rake:89: warning: already initialized constant LabTasks::SPEND_CEILING
/home/calebl/Projects/text-adventure/lib/tasks/lab.rake:89: warning: previous definition of SPEND_CEILING was here
/home/calebl/Projects/text-adventure/lib/tasks/lab.rake:97: warning: already initialized constant LabTasks::CONFIRMATION
/home/calebl/Projects/text-adventure/lib/tasks/lab.rake:97: warning: previous definition of CONFIRMATION was here
/home/calebl/Projects/text-adventure/lib/tasks/game.rake:714: warning: already initialized constant Helpers::MECHANICS_QUIT
/home/calebl/Projects/text-adventure/lib/tasks/game.rake:714: warning: previous definition of MECHANICS_QUIT was here
/home/calebl/Projects/text-adventure/lib/tasks/game.rake:776: warning: already initialized constant Helpers::REMEDY_LABELS
/home/calebl/Projects/text-adventure/lib/tasks/game.rake:776: warning: previous definition of REMEDY_LABELS was here
/home/calebl/Projects/text-adventure/lib/tasks/game.rake:845: warning: already initialized constant Helpers::SCORE_MARKS
/home/calebl/Projects/text-adventure/lib/tasks/game.rake:845: warning: previous definition of SCORE_MARKS was here
/home/calebl/Projects/text-adventure/lib/tasks/eval.rake:259: warning: already initialized constant RealizationTasks::SPEND_CEILING
/home/calebl/Projects/text-adventure/lib/tasks/eval.rake:259: warning: previous definition of SPEND_CEILING was here
/home/calebl/Projects/text-adventure/lib/tasks/eval.rake:259: warning: already initialized constant RealizationTasks::SPEND_CEILING
/home/calebl/Projects/text-adventure/lib/tasks/eval.rake:259: warning: previous definition of SPEND_CEILING was here
/home/calebl/Projects/text-adventure/lib/tasks/eval.rake:392: warning: already initialized constant PromptTasks::SPEND_CEILING
/home/calebl/Projects/text-adventure/lib/tasks/eval.rake:392: warning: previous definition of SPEND_CEILING was here
/home/calebl/Projects/text-adventure/lib/tasks/eval.rake:392: warning: already initialized constant PromptTasks::SPEND_CEILING
/home/calebl/Projects/text-adventure/lib/tasks/eval.rake:392: warning: previous definition of SPEND_CEILING was here
/home/calebl/Projects/text-adventure/lib/tasks/eval.rake:491: warning: already initialized constant ClassifierTasks::SPEND_CEILING
/home/calebl/Projects/text-adventure/lib/tasks/eval.rake:491: warning: previous definition of SPEND_CEILING was here
/home/calebl/Projects/text-adventure/lib/tasks/eval.rake:491: warning: already initialized constant ClassifierTasks::SPEND_CEILING
/home/calebl/Projects/text-adventure/lib/tasks/eval.rake:611: warning: already initialized constant EvalTasks::DEFAULT_REPS
/home/calebl/Projects/text-adventure/lib/tasks/eval.rake:491: warning: previous definition of SPEND_CEILING was here
/home/calebl/Projects/text-adventure/lib/tasks/eval.rake:611: warning: previous definition of DEFAULT_REPS was here
/home/calebl/Projects/text-adventure/lib/tasks/eval.rake:612: warning: already initialized constant EvalTasks::SPEND_CEILING
/home/calebl/Projects/text-adventure/lib/tasks/eval.rake:612: warning: previous definition of SPEND_CEILING was here
/home/calebl/Projects/text-adventure/lib/tasks/eval.rake:611: warning: already initialized constant EvalTasks::DEFAULT_REPS
/home/calebl/Projects/text-adventure/lib/tasks/eval.rake:611: warning: previous definition of DEFAULT_REPS was here
/home/calebl/Projects/text-adventure/lib/tasks/eval.rake:612: warning: already initialized constant EvalTasks::SPEND_CEILING
/home/calebl/Projects/text-adventure/lib/tasks/eval.rake:612: warning: previous definition of SPEND_CEILING was here
/home/calebl/Projects/text-adventure/lib/tasks/eval.rake:623: warning: already initialized constant EvalTasks::RUN_TIMEOUT
/home/calebl/Projects/text-adventure/lib/tasks/eval.rake:623: warning: previous definition of RUN_TIMEOUT was here
/home/calebl/Projects/text-adventure/lib/tasks/eval.rake:623: warning: already initialized constant EvalTasks::RUN_TIMEOUT
/home/calebl/Projects/text-adventure/lib/tasks/eval.rake:623: warning: previous definition of RUN_TIMEOUT was here
/home/calebl/Projects/text-adventure/lib/tasks/eval.rake:259: warning: already initialized constant RealizationTasks::SPEND_CEILING
/home/calebl/Projects/text-adventure/lib/tasks/eval.rake:259: warning: previous definition of SPEND_CEILING was here
/home/calebl/Projects/text-adventure/lib/tasks/eval.rake:392: warning: already initialized constant PromptTasks::SPEND_CEILING
/home/calebl/Projects/text-adventure/lib/tasks/eval.rake:392: warning: previous definition of SPEND_CEILING was here
/home/calebl/Projects/text-adventure/lib/tasks/eval.rake:491: warning: already initialized constant ClassifierTasks::SPEND_CEILING
/home/calebl/Projects/text-adventure/lib/tasks/eval.rake:491: warning: previous definition of SPEND_CEILING was here
/home/calebl/Projects/text-adventure/lib/tasks/eval.rake:611: warning: already initialized constant EvalTasks::DEFAULT_REPS
/home/calebl/Projects/text-adventure/lib/tasks/eval.rake:611: warning: previous definition of DEFAULT_REPS was here
/home/calebl/Projects/text-adventure/lib/tasks/eval.rake:612: warning: already initialized constant EvalTasks::SPEND_CEILING
/home/calebl/Projects/text-adventure/lib/tasks/eval.rake:612: warning: previous definition of SPEND_CEILING was here
/home/calebl/Projects/text-adventure/lib/tasks/eval.rake:623: warning: already initialized constant EvalTasks::RUN_TIMEOUT
/home/calebl/Projects/text-adventure/lib/tasks/eval.rake:623: warning: previous definition of RUN_TIMEOUT was here
/home/calebl/Projects/text-adventure/lib/tasks/game.rake:714: warning: already initialized constant Helpers::MECHANICS_QUIT
/home/calebl/Projects/text-adventure/lib/tasks/game.rake:714: warning: previous definition of MECHANICS_QUIT was here
/home/calebl/Projects/text-adventure/lib/tasks/game.rake:776: warning: already initialized constant Helpers::REMEDY_LABELS
/home/calebl/Projects/text-adventure/lib/tasks/game.rake:776: warning: previous definition of REMEDY_LABELS was here
/home/calebl/Projects/text-adventure/lib/tasks/game.rake:845: warning: already initialized constant Helpers::SCORE_MARKS
/home/calebl/Projects/text-adventure/lib/tasks/game.rake:845: warning: previous definition of SCORE_MARKS was here
/home/calebl/Projects/text-adventure/lib/tasks/lab.rake:89: warning: already initialized constant LabTasks::SPEND_CEILING
/home/calebl/Projects/text-adventure/lib/tasks/lab.rake:89: warning: previous definition of SPEND_CEILING was here
/home/calebl/Projects/text-adventure/lib/tasks/lab.rake:97: warning: already initialized constant LabTasks::CONFIRMATION
/home/calebl/Projects/text-adventure/lib/tasks/lab.rake:97: warning: previous definition of CONFIRMATION was here
/home/calebl/Projects/text-adventure/lib/tasks/lab.rake:89: warning: already initialized constant LabTasks::SPEND_CEILING
/home/calebl/Projects/text-adventure/lib/tasks/lab.rake:89: warning: previous definition of SPEND_CEILING was here
/home/calebl/Projects/text-adventure/lib/tasks/lab.rake:97: warning: already initialized constant LabTasks::CONFIRMATION
/home/calebl/Projects/text-adventure/lib/tasks/lab.rake:97: warning: previous definition of CONFIRMATION was here
/home/calebl/Projects/text-adventure/lib/tasks/game.rake:714: warning: already initialized constant Helpers::MECHANICS_QUIT
/home/calebl/Projects/text-adventure/lib/tasks/game.rake:714: warning: previous definition of MECHANICS_QUIT was here
/home/calebl/Projects/text-adventure/lib/tasks/game.rake:776: warning: already initialized constant Helpers::REMEDY_LABELS
/home/calebl/Projects/text-adventure/lib/tasks/game.rake:776: warning: previous definition of REMEDY_LABELS was here
/home/calebl/Projects/text-adventure/lib/tasks/game.rake:845: warning: already initialized constant Helpers::SCORE_MARKS
/home/calebl/Projects/text-adventure/lib/tasks/game.rake:845: warning: previous definition of SCORE_MARKS was here
/home/calebl/Projects/text-adventure/lib/tasks/game.rake:714: warning: already initialized constant Helpers::MECHANICS_QUIT
/home/calebl/Projects/text-adventure/lib/tasks/game.rake:714: warning: previous definition of MECHANICS_QUIT was here
/home/calebl/Projects/text-adventure/lib/tasks/game.rake:776: warning: already initialized constant Helpers::REMEDY_LABELS
/home/calebl/Projects/text-adventure/lib/tasks/game.rake:776: warning: previous definition of REMEDY_LABELS was here
/home/calebl/Projects/text-adventure/lib/tasks/game.rake:845: warning: already initialized constant Helpers::SCORE_MARKS
/home/calebl/Projects/text-adventure/lib/tasks/game.rake:845: warning: previous definition of SCORE_MARKS was here
/home/calebl/Projects/text-adventure/lib/tasks/game.rake:714: warning: already initialized constant Helpers::MECHANICS_QUIT
/home/calebl/Projects/text-adventure/lib/tasks/game.rake:714: warning: previous definition of MECHANICS_QUIT was here
/home/calebl/Projects/text-adventure/lib/tasks/game.rake:776: warning: already initialized constant Helpers::REMEDY_LABELS
/home/calebl/Projects/text-adventure/lib/tasks/game.rake:776: warning: previous definition of REMEDY_LABELS was here
/home/calebl/Projects/text-adventure/lib/tasks/game.rake:845: warning: already initialized constant Helpers::SCORE_MARKS
/home/calebl/Projects/text-adventure/lib/tasks/game.rake:845: warning: previous definition of SCORE_MARKS was here
/home/calebl/Projects/text-adventure/lib/tasks/lab.rake:89: warning: already initialized constant LabTasks::SPEND_CEILING
/home/calebl/Projects/text-adventure/lib/tasks/lab.rake:89: warning: previous definition of SPEND_CEILING was here
/home/calebl/Projects/text-adventure/lib/tasks/lab.rake:97: warning: already initialized constant LabTasks::CONFIRMATION
/home/calebl/Projects/text-adventure/lib/tasks/lab.rake:97: warning: previous definition of CONFIRMATION was here
/home/calebl/Projects/text-adventure/lib/tasks/lab.rake:89: warning: already initialized constant LabTasks::SPEND_CEILING
/home/calebl/Projects/text-adventure/lib/tasks/lab.rake:89: warning: previous definition of SPEND_CEILING was here
/home/calebl/Projects/text-adventure/lib/tasks/lab.rake:97: warning: already initialized constant LabTasks::CONFIRMATION
/home/calebl/Projects/text-adventure/lib/tasks/lab.rake:97: warning: previous definition of CONFIRMATION was here
/home/calebl/Projects/text-adventure/lib/tasks/lab.rake:89: warning: already initialized constant LabTasks::SPEND_CEILING
/home/calebl/Projects/text-adventure/lib/tasks/lab.rake:89: warning: previous definition of SPEND_CEILING was here
/home/calebl/Projects/text-adventure/lib/tasks/lab.rake:97: warning: already initialized constant LabTasks::CONFIRMATION
/home/calebl/Projects/text-adventure/lib/tasks/lab.rake:97: warning: previous definition of CONFIRMATION was here
./home/calebl/Projects/text-adventure/lib/tasks/game.rake:714: warning: already initialized constant Helpers::MECHANICS_QUIT
/home/calebl/Projects/text-adventure/lib/tasks/game.rake:714: warning: previous definition of MECHANICS_QUIT was here
/home/calebl/Projects/text-adventure/lib/tasks/game.rake:776: warning: already initialized constant Helpers::REMEDY_LABELS
/home/calebl/Projects/text-adventure/lib/tasks/game.rake:776: warning: previous definition of REMEDY_LABELS was here
/home/calebl/Projects/text-adventure/lib/tasks/game.rake:845: warning: already initialized constant Helpers::SCORE_MARKS
/home/calebl/Projects/text-adventure/lib/tasks/game.rake:845: warning: previous definition of SCORE_MARKS was here
/home/calebl/Projects/text-adventure/lib/tasks/lab.rake:89: warning: already initialized constant LabTasks::SPEND_CEILING
/home/calebl/Projects/text-adventure/lib/tasks/lab.rake:89: warning: previous definition of SPEND_CEILING was here
/home/calebl/Projects/text-adventure/lib/tasks/lab.rake:97: warning: already initialized constant LabTasks::CONFIRMATION
/home/calebl/Projects/text-adventure/lib/tasks/lab.rake:97: warning: previous definition of CONFIRMATION was here
/home/calebl/Projects/text-adventure/lib/tasks/eval.rake:259: warning: already initialized constant RealizationTasks::SPEND_CEILING
/home/calebl/Projects/text-adventure/lib/tasks/eval.rake:259: warning: previous definition of SPEND_CEILING was here
/home/calebl/Projects/text-adventure/lib/tasks/eval.rake:392: warning: already initialized constant PromptTasks::SPEND_CEILING
/home/calebl/Projects/text-adventure/lib/tasks/eval.rake:392: warning: previous definition of SPEND_CEILING was here
/home/calebl/Projects/text-adventure/lib/tasks/eval.rake:491: warning: already initialized constant ClassifierTasks::SPEND_CEILING
/home/calebl/Projects/text-adventure/lib/tasks/eval.rake:491: warning: previous definition of SPEND_CEILING was here
/home/calebl/Projects/text-adventure/lib/tasks/eval.rake:611: warning: already initialized constant EvalTasks::DEFAULT_REPS
/home/calebl/Projects/text-adventure/lib/tasks/eval.rake:611: warning: previous definition of DEFAULT_REPS was here
/home/calebl/Projects/text-adventure/lib/tasks/eval.rake:612: warning: already initialized constant EvalTasks::SPEND_CEILING
/home/calebl/Projects/text-adventure/lib/tasks/eval.rake:612: warning: previous definition of SPEND_CEILING was here
/home/calebl/Projects/text-adventure/lib/tasks/eval.rake:623: warning: already initialized constant EvalTasks::RUN_TIMEOUT
/home/calebl/Projects/text-adventure/lib/tasks/eval.rake:623: warning: previous definition of RUN_TIMEOUT was here
That is over the $0.25 this task will spend at all. Lower N.
That is over the $0.25 this task will spend at all. Lower N.
.../home/calebl/Projects/text-adventure/lib/tasks/game.rake:714: warning: already initialized constant Helpers::MECHANICS_QUIT
/home/calebl/Projects/text-adventure/lib/tasks/game.rake:714: warning: previous definition of MECHANICS_QUIT was here
/home/calebl/Projects/text-adventure/lib/tasks/game.rake:776: warning: already initialized constant Helpers::REMEDY_LABELS
/home/calebl/Projects/text-adventure/lib/tasks/game.rake:776: warning: previous definition of REMEDY_LABELS was here
/home/calebl/Projects/text-adventure/lib/tasks/game.rake:845: warning: already initialized constant Helpers::SCORE_MARKS
/home/calebl/Projects/text-adventure/lib/tasks/game.rake:845: warning: previous definition of SCORE_MARKS was here
/home/calebl/Projects/text-adventure/lib/tasks/eval.rake:259: warning: already initialized constant RealizationTasks::SPEND_CEILING
/home/calebl/Projects/text-adventure/lib/tasks/eval.rake:259: warning: previous definition of SPEND_CEILING was here
/home/calebl/Projects/text-adventure/lib/tasks/eval.rake:392: warning: already initialized constant PromptTasks::SPEND_CEILING
/home/calebl/Projects/text-adventure/lib/tasks/eval.rake:392: warning: previous definition of SPEND_CEILING was here
/home/calebl/Projects/text-adventure/lib/tasks/eval.rake:491: warning: already initialized constant ClassifierTasks::SPEND_CEILING
/home/calebl/Projects/text-adventure/lib/tasks/eval.rake:491: warning: previous definition of SPEND_CEILING was here
/home/calebl/Projects/text-adventure/lib/tasks/eval.rake:611: warning: already initialized constant EvalTasks::DEFAULT_REPS
/home/calebl/Projects/text-adventure/lib/tasks/eval.rake:611: warning: previous definition of DEFAULT_REPS was here
/home/calebl/Projects/text-adventure/lib/tasks/eval.rake:612: warning: already initialized constant EvalTasks::SPEND_CEILING
/home/calebl/Projects/text-adventure/lib/tasks/eval.rake:612: warning: previous definition of SPEND_CEILING was here
/home/calebl/Projects/text-adventure/lib/tasks/eval.rake:623: warning: already initialized constant EvalTasks::RUN_TIMEOUT
/home/calebl/Projects/text-adventure/lib/tasks/eval.rake:623: warning: previous definition of RUN_TIMEOUT was here
Test is missing assertions: `test_an_ordinary_look_at_a_vantage_is_well_inside_the_ceiling` /home/calebl/Projects/text-adventure/test/lib/tasks/lab_tasks_test.rb:220
.This spends money, so it wants YES=1 as well. Re-run with YES=1.
/home/calebl/Projects/text-adventure/lib/tasks/lab.rake:89: warning: already initialized constant LabTasks::SPEND_CEILING
/home/calebl/Projects/text-adventure/lib/tasks/lab.rake:89: warning: previous definition of SPEND_CEILING was here
/home/calebl/Projects/text-adventure/lib/tasks/lab.rake:97: warning: already initialized constant LabTasks::CONFIRMATION
/home/calebl/Projects/text-adventure/lib/tasks/lab.rake:97: warning: previous definition of CONFIRMATION was here
.The lab must not draw in the test environment.
There is no kind "999999". `rake lab:realization:kinds` lists the ones there are.
This spends money, so it wants YES=1 as well. Re-run with YES=1.
../home/calebl/Projects/text-adventure/lib/tasks/game.rake:714: warning: already initialized constant Helpers::MECHANICS_QUIT
/home/calebl/Projects/text-adventure/lib/tasks/game.rake:714: warning: previous definition of MECHANICS_QUIT was here
/home/calebl/Projects/text-adventure/lib/tasks/game.rake:776: warning: already initialized constant Helpers::REMEDY_LABELS
/home/calebl/Projects/text-adventure/lib/tasks/game.rake:776: warning: previous definition of REMEDY_LABELS was here
/home/calebl/Projects/text-adventure/lib/tasks/game.rake:845: warning: already initialized constant Helpers::SCORE_MARKS
/home/calebl/Projects/text-adventure/lib/tasks/game.rake:845: warning: previous definition of SCORE_MARKS was here
.N="0" is not a count. It wants a whole number above zero.
N="-2" is not a count. It wants a whole number above zero.
N="some" is not a count. It wants a whole number above zero.
./home/calebl/Projects/text-adventure/lib/tasks/lab.rake:89: warning: already initialized constant LabTasks::SPEND_CEILING
/home/calebl/Projects/text-adventure/lib/tasks/lab.rake:89: warning: previous definition of SPEND_CEILING was here
/home/calebl/Projects/text-adventure/lib/tasks/lab.rake:97: warning: already initialized constant LabTasks::CONFIRMATION
/home/calebl/Projects/text-adventure/lib/tasks/lab.rake:97: warning: previous definition of CONFIRMATION was here
.The lab must not draw in the test environment.
.This spends money, so it wants YES=1 as well. Re-run with YES=1.
.N=<count> is how many draws. 30 is what Lab::Realization::MIN_DRAWS calls established.
..  The Quay House has no place called "Nowhere At All"
.There is no vantage "999999". `rake lab:exits:vantages` lists the ones there are.
VANTAGE=<id> is the vantage to draw. `rake lab:exits:vantages` lists them, and the lab at /lab/exits is where one is typed.
..../home/calebl/Projects/text-adventure/lib/tasks/eval.rake:259: warning: already initialized constant RealizationTasks::SPEND_CEILING
/home/calebl/Projects/text-adventure/lib/tasks/eval.rake:259: warning: previous definition of SPEND_CEILING was here
/home/calebl/Projects/text-adventure/lib/tasks/eval.rake:392: warning: already initialized constant PromptTasks::SPEND_CEILING
/home/calebl/Projects/text-adventure/lib/tasks/eval.rake:392: warning: previous definition of SPEND_CEILING was here
/home/calebl/Projects/text-adventure/lib/tasks/eval.rake:491: warning: already initialized constant ClassifierTasks::SPEND_CEILING
/home/calebl/Projects/text-adventure/lib/tasks/eval.rake:491: warning: previous definition of SPEND_CEILING was here
/home/calebl/Projects/text-adventure/lib/tasks/eval.rake:611: warning: already initialized constant EvalTasks::DEFAULT_REPS
/home/calebl/Projects/text-adventure/lib/tasks/eval.rake:611: warning: previous definition of DEFAULT_REPS was here
/home/calebl/Projects/text-adventure/lib/tasks/eval.rake:612: warning: already initialized constant EvalTasks::SPEND_CEILING
/home/calebl/Projects/text-adventure/lib/tasks/eval.rake:612: warning: previous definition of SPEND_CEILING was here
/home/calebl/Projects/text-adventure/lib/tasks/eval.rake:623: warning: already initialized constant EvalTasks::RUN_TIMEOUT
/home/calebl/Projects/text-adventure/lib/tasks/eval.rake:623: warning: previous definition of RUN_TIMEOUT was here
/home/calebl/Projects/text-adventure/lib/tasks/game.rake:714: warning: already initialized constant Helpers::MECHANICS_QUIT
/home/calebl/Projects/text-adventure/lib/tasks/game.rake:714: warning: previous definition of MECHANICS_QUIT was here
/home/calebl/Projects/text-adventure/lib/tasks/game.rake:776: warning: already initialized constant Helpers::REMEDY_LABELS
/home/calebl/Projects/text-adventure/lib/tasks/game.rake:776: warning: previous definition of REMEDY_LABELS was here
/home/calebl/Projects/text-adventure/lib/tasks/game.rake:845: warning: already initialized constant Helpers::SCORE_MARKS
/home/calebl/Projects/text-adventure/lib/tasks/game.rake:845: warning: previous definition of SCORE_MARKS was here
Test is missing assertions: `test_an_ordinary_look_at_a_kind_is_well_inside_the_ceiling` /home/calebl/Projects/text-adventure/test/lib/tasks/lab_tasks_test.rb:103
./home/calebl/Projects/text-adventure/lib/tasks/lab.rake:89: warning: already initialized constant LabTasks::SPEND_CEILING
/home/calebl/Projects/text-adventure/lib/tasks/lab.rake:89: warning: previous definition of SPEND_CEILING was here
/home/calebl/Projects/text-adventure/lib/tasks/lab.rake:97: warning: already initialized constant LabTasks::CONFIRMATION
/home/calebl/Projects/text-adventure/lib/tasks/lab.rake:97: warning: previous definition of CONFIRMATION was here
.  The Quay House has no place called "Nowhere At All"
..KIND=<id> is the kind to draw. `rake lab:realization:kinds` lists them, and the lab at /lab/kinds is where one is typed.
.............../home/calebl/Projects/text-adventure/lib/tasks/eval.rake:259: warning: already initialized constant RealizationTasks::SPEND_CEILING
/home/calebl/Projects/text-adventure/lib/tasks/eval.rake:259: warning: previous definition of SPEND_CEILING was here
/home/calebl/Projects/text-adventure/lib/tasks/eval.rake:392: warning: already initialized constant PromptTasks::SPEND_CEILING
/home/calebl/Projects/text-adventure/lib/tasks/eval.rake:392: warning: previous definition of SPEND_CEILING was here
/home/calebl/Projects/text-adventure/lib/tasks/eval.rake:491: warning: already initialized constant ClassifierTasks::SPEND_CEILING
/home/calebl/Projects/text-adventure/lib/tasks/eval.rake:491: warning: previous definition of SPEND_CEILING was here
/home/calebl/Projects/text-adventure/lib/tasks/eval.rake:611: warning: already initialized constant EvalTasks::DEFAULT_REPS
/home/calebl/Projects/text-adventure/lib/tasks/eval.rake:611: warning: previous definition of DEFAULT_REPS was here
/home/calebl/Projects/text-adventure/lib/tasks/eval.rake:612: warning: already initialized constant EvalTasks::SPEND_CEILING
/home/calebl/Projects/text-adventure/lib/tasks/eval.rake:612: warning: previous definition of SPEND_CEILING was here
/home/calebl/Projects/text-adventure/lib/tasks/eval.rake:623: warning: already initialized constant EvalTasks::RUN_TIMEOUT
/home/calebl/Projects/text-adventure/lib/tasks/eval.rake:623: warning: previous definition of RUN_TIMEOUT was here
...../home/calebl/Projects/text-adventure/lib/tasks/game.rake:714: warning: already initialized constant Helpers::MECHANICS_QUIT
/home/calebl/Projects/text-adventure/lib/tasks/game.rake:714: warning: previous definition of MECHANICS_QUIT was here
/home/calebl/Projects/text-adventure/lib/tasks/game.rake:776: warning: already initialized constant Helpers::REMEDY_LABELS
/home/calebl/Projects/text-adventure/lib/tasks/game.rake:776: warning: previous definition of REMEDY_LABELS was here
/home/calebl/Projects/text-adventure/lib/tasks/game.rake:845: warning: already initialized constant Helpers::SCORE_MARKS
/home/calebl/Projects/text-adventure/lib/tasks/game.rake:845: warning: previous definition of SCORE_MARKS was here
/home/calebl/Projects/text-adventure/lib/tasks/lab.rake:89: warning: already initialized constant LabTasks::SPEND_CEILING
/home/calebl/Projects/text-adventure/lib/tasks/lab.rake:89: warning: previous definition of SPEND_CEILING was here
/home/calebl/Projects/text-adventure/lib/tasks/lab.rake:97: warning: already initialized constant LabTasks::CONFIRMATION
/home/calebl/Projects/text-adventure/lib/tasks/lab.rake:97: warning: previous definition of CONFIRMATION was here
........N=<count> is how many draws. 30 is what Lab::Realization::MIN_DRAWS calls established.
...................................................................................................................................................

Finished in 35.707863s, 116.3609 runs/s, 655.3459 assertions/s.
4155 runs, 23401 assertions, 0 failures, 1 errors, 0 skips
