give-owned-key:1 recorded
follow-through-door:1 recorded
honor-ceasefire:1 recorded
refuse-trusted-key:1 recorded
cannot-give-absent-item:1 recorded
stay-behind:1 recorded
reject-stale-gift:1 recorded
follow-across-move:1 recorded
renewed-fighting:1 recorded
give-owned-key:2 recorded
follow-through-door:2 recorded
honor-ceasefire:2 recorded
refuse-trusted-key:2 recorded
cannot-give-absent-item:2 recorded
stay-behind:2 recorded
reject-stale-gift:2 recorded
follow-across-move:2 recorded
renewed-fighting:2 recorded
give-owned-key:3 recorded
follow-through-door:3 recorded
honor-ceasefire:3 recorded
refuse-trusted-key:3 recorded
cannot-give-absent-item:3 recorded
stay-behind:3 recorded
reject-stale-gift:3 recorded
follow-across-move:3 recorded
renewed-fighting:3 recorded
give-owned-key:4 recorded
follow-through-door:4 recorded
honor-ceasefire:4 recorded
refuse-trusted-key:4 recorded
cannot-give-absent-item:4 recorded
stay-behind:4 recorded
reject-stale-gift:4 recorded
follow-across-move:4 recorded
renewed-fighting:4 recorded
