2026-09-27T03:22:49.244685Z 59.579686615 63
2026-09-27T03:22:54Z 59.579686615
2026-09-27T03:25:54Z 59.583860295
2026-09-27T03:28:54Z 59.583860295
2026-09-27T03:42:50Z 59.691251655
2026-09-27T03:44:40Z 59.746457063
2026-09-27T03:46:10Z 59.844127827
2026-09-27T03:47:40Z 59.957744047
2026-09-27T03:48:03Z 59.957744047
2026-09-27T03:49:10Z 59.962051233
2026-09-27T03:51:03Z 59.962051233
2026-09-27T03:51:06Z 59.962051233
2026-09-27T03:53:56Z 59.962051233
2026-09-27T03:54:03Z 59.962051233
2026-09-27T09:52:17Z 59.962051233
2026-09-27T09:53:57Z 60.001749953
2026-09-27T09:55:27Z 60.101049033
2026-09-27T09:56:50Z 60.138816713
2026-09-27T09:56:57Z 60.154424033
2026-09-27T09:59:41Z 60.154424033
2026-09-27T10:02:31Z 60.154424033
