Running 4154 tests in parallel using 16 processes
Run options: --seed 12067

# Running:

............................................................................................................................................................................................................................................................................................................................................................................................................................................................................................................................................................................................................................................................................................................................................................................................................................................................................................................................................................................................................................................................................................................................................................................................................................................................................................................................................................................................................................................................................................................................................................................................................................................................................................................................................................................................................................................................................................................................................................................................................................................................................................................................................................................................................................................................................................................................................................................................................................................................................................................................................................................................................................................................................................................................................................................................................................................................................................................................................................................................................................................................................................................................................................................................................................................................................................................................................................................................................................................................................................................................................................................................................................................................................................................/home/calebl/Projects/text-adventure/lib/tasks/eval.rake:259: warning: already initialized constant RealizationTasks::SPEND_CEILING
/home/calebl/Projects/text-adventure/lib/tasks/eval.rake:259: warning: previous definition of SPEND_CEILING was here
/home/calebl/Projects/text-adventure/lib/tasks/eval.rake:392: warning: already initialized constant PromptTasks::SPEND_CEILING
/home/calebl/Projects/text-adventure/lib/tasks/eval.rake:392: warning: previous definition of SPEND_CEILING was here
/home/calebl/Projects/text-adventure/lib/tasks/eval.rake:491: warning: already initialized constant ClassifierTasks::SPEND_CEILING
/home/calebl/Projects/text-adventure/lib/tasks/eval.rake:491: warning: previous definition of SPEND_CEILING was here
/home/calebl/Projects/text-adventure/lib/tasks/eval.rake:611: warning: already initialized constant EvalTasks::DEFAULT_REPS
/home/calebl/Projects/text-adventure/lib/tasks/eval.rake:611: warning: previous definition of DEFAULT_REPS was here
/home/calebl/Projects/text-adventure/lib/tasks/eval.rake:612: warning: already initialized constant EvalTasks::SPEND_CEILING
/home/calebl/Projects/text-adventure/lib/tasks/eval.rake:612: warning: previous definition of SPEND_CEILING was here
/home/calebl/Projects/text-adventure/lib/tasks/eval.rake:623: warning: already initialized constant EvalTasks::RUN_TIMEOUT
/home/calebl/Projects/text-adventure/lib/tasks/eval.rake:623: warning: previous definition of RUN_TIMEOUT was here
/home/calebl/Projects/text-adventure/lib/tasks/game.rake:714: warning: already initialized constant Helpers::MECHANICS_QUIT
/home/calebl/Projects/text-adventure/lib/tasks/game.rake:714: warning: previous definition of MECHANICS_QUIT was here
/home/calebl/Projects/text-adventure/lib/tasks/game.rake:776: warning: already initialized constant Helpers::REMEDY_LABELS
/home/calebl/Projects/text-adventure/lib/tasks/game.rake:776: warning: previous definition of REMEDY_LABELS was here
/home/calebl/Projects/text-adventure/lib/tasks/game.rake:845: warning: already initialized constant Helpers::SCORE_MARKS
/home/calebl/Projects/text-adventure/lib/tasks/game.rake:845: warning: previous definition of SCORE_MARKS was here
/home/calebl/Projects/text-adventure/lib/tasks/lab.rake:89: warning: already initialized constant LabTasks::SPEND_CEILING
/home/calebl/Projects/text-adventure/lib/tasks/lab.rake:89: warning: previous definition of SPEND_CEILING was here
/home/calebl/Projects/text-adventure/lib/tasks/lab.rake:97: warning: already initialized constant LabTasks::CONFIRMATION
/home/calebl/Projects/text-adventure/lib/tasks/lab.rake:97: warning: previous definition of CONFIRMATION was here
/home/calebl/Projects/text-adventure/lib/tasks/eval.rake:259: warning: already initialized constant RealizationTasks::SPEND_CEILING
/home/calebl/Projects/text-adventure/lib/tasks/eval.rake:259: warning: previous definition of SPEND_CEILING was here
/home/calebl/Projects/text-adventure/lib/tasks/eval.rake:392: warning: already initialized constant PromptTasks::SPEND_CEILING
/home/calebl/Projects/text-adventure/lib/tasks/eval.rake:392: warning: previous definition of SPEND_CEILING was here
/home/calebl/Projects/text-adventure/lib/tasks/eval.rake:491: warning: already initialized constant ClassifierTasks::SPEND_CEILING
/home/calebl/Projects/text-adventure/lib/tasks/eval.rake:491: warning: previous definition of SPEND_CEILING was here
/home/calebl/Projects/text-adventure/lib/tasks/eval.rake:611: warning: already initialized constant EvalTasks::DEFAULT_REPS
/home/calebl/Projects/text-adventure/lib/tasks/eval.rake:611: warning: previous definition of DEFAULT_REPS was here
/home/calebl/Projects/text-adventure/lib/tasks/eval.rake:612: warning: already initialized constant EvalTasks::SPEND_CEILING
/home/calebl/Projects/text-adventure/lib/tasks/eval.rake:612: warning: previous definition of SPEND_CEILING was here
/home/calebl/Projects/text-adventure/lib/tasks/eval.rake:623: warning: already initialized constant EvalTasks::RUN_TIMEOUT
/home/calebl/Projects/text-adventure/lib/tasks/eval.rake:623: warning: previous definition of RUN_TIMEOUT was here
/home/calebl/Projects/text-adventure/lib/tasks/game.rake:714: warning: already initialized constant Helpers::MECHANICS_QUIT
/home/calebl/Projects/text-adventure/lib/tasks/game.rake:714: warning: previous definition of MECHANICS_QUIT was here
/home/calebl/Projects/text-adventure/lib/tasks/game.rake:776: warning: already initialized constant Helpers::REMEDY_LABELS
/home/calebl/Projects/text-adventure/lib/tasks/game.rake:776: warning: previous definition of REMEDY_LABELS was here
/home/calebl/Projects/text-adventure/lib/tasks/game.rake:845: warning: already initialized constant Helpers::SCORE_MARKS
/home/calebl/Projects/text-adventure/lib/tasks/game.rake:845: warning: previous definition of SCORE_MARKS was here
/home/calebl/Projects/text-adventure/lib/tasks/eval.rake:259: warning: already initialized constant RealizationTasks::SPEND_CEILING
/home/calebl/Projects/text-adventure/lib/tasks/eval.rake:259: warning: previous definition of SPEND_CEILING was here
/home/calebl/Projects/text-adventure/lib/tasks/eval.rake:392: warning: already initialized constant PromptTasks::SPEND_CEILING
/home/calebl/Projects/text-adventure/lib/tasks/eval.rake:392: warning: previous definition of SPEND_CEILING was here
/home/calebl/Projects/text-adventure/lib/tasks/eval.rake:491: warning: already initialized constant ClassifierTasks::SPEND_CEILING
/home/calebl/Projects/text-adventure/lib/tasks/eval.rake:491: warning: previous definition of SPEND_CEILING was here
/home/calebl/Projects/text-adventure/lib/tasks/eval.rake:611: warning: already initialized constant EvalTasks::DEFAULT_REPS
/home/calebl/Projects/text-adventure/lib/tasks/eval.rake:611: warning: previous definition of DEFAULT_REPS was here
/home/calebl/Projects/text-adventure/lib/tasks/eval.rake:612: warning: already initialized constant EvalTasks::SPEND_CEILING
/home/calebl/Projects/text-adventure/lib/tasks/eval.rake:612: warning: previous definition of SPEND_CEILING was here
/home/calebl/Projects/text-adventure/lib/tasks/eval.rake:623: warning: already initialized constant EvalTasks::RUN_TIMEOUT
/home/calebl/Projects/text-adventure/lib/tasks/eval.rake:623: warning: previous definition of RUN_TIMEOUT was here
/home/calebl/Projects/text-adventure/lib/tasks/eval.rake:259: warning: already initialized constant RealizationTasks::SPEND_CEILING
/home/calebl/Projects/text-adventure/lib/tasks/eval.rake:259: warning: previous definition of SPEND_CEILING was here
/home/calebl/Projects/text-adventure/lib/tasks/eval.rake:392: warning: already initialized constant PromptTasks::SPEND_CEILING
/home/calebl/Projects/text-adventure/lib/tasks/eval.rake:392: warning: previous definition of SPEND_CEILING was here
/home/calebl/Projects/text-adventure/lib/tasks/eval.rake:491: warning: already initialized constant ClassifierTasks::SPEND_CEILING
/home/calebl/Projects/text-adventure/lib/tasks/eval.rake:491: warning: previous definition of SPEND_CEILING was here
/home/calebl/Projects/text-adventure/lib/tasks/eval.rake:611: warning: already initialized constant EvalTasks::DEFAULT_REPS
/home/calebl/Projects/text-adventure/lib/tasks/eval.rake:611: warning: previous definition of DEFAULT_REPS was here
/home/calebl/Projects/text-adventure/lib/tasks/eval.rake:612: warning: already initialized constant EvalTasks::SPEND_CEILING
/home/calebl/Projects/text-adventure/lib/tasks/eval.rake:612: warning: previous definition of SPEND_CEILING was here
/home/calebl/Projects/text-adventure/lib/tasks/eval.rake:623: warning: already initialized constant EvalTasks::RUN_TIMEOUT
/home/calebl/Projects/text-adventure/lib/tasks/eval.rake:623: warning: previous definition of RUN_TIMEOUT was here
/home/calebl/Projects/text-adventure/lib/tasks/lab.rake:89: warning: already initialized constant LabTasks::SPEND_CEILING
/home/calebl/Projects/text-adventure/lib/tasks/lab.rake:89: warning: previous definition of SPEND_CEILING was here
/home/calebl/Projects/text-adventure/lib/tasks/lab.rake:97: warning: already initialized constant LabTasks::CONFIRMATION
/home/calebl/Projects/text-adventure/lib/tasks/lab.rake:97: warning: previous definition of CONFIRMATION was here
/home/calebl/Projects/text-adventure/lib/tasks/game.rake:714: warning: already initialized constant Helpers::MECHANICS_QUIT
/home/calebl/Projects/text-adventure/lib/tasks/game.rake:714: warning: previous definition of MECHANICS_QUIT was here
/home/calebl/Projects/text-adventure/lib/tasks/game.rake:776: warning: already initialized constant Helpers::REMEDY_LABELS
/home/calebl/Projects/text-adventure/lib/tasks/game.rake:776: warning: previous definition of REMEDY_LABELS was here
/home/calebl/Projects/text-adventure/lib/tasks/game.rake:845: warning: already initialized constant Helpers::SCORE_MARKS
/home/calebl/Projects/text-adventure/lib/tasks/game.rake:845: warning: previous definition of SCORE_MARKS was here
/home/calebl/Projects/text-adventure/lib/tasks/lab.rake:89: warning: already initialized constant LabTasks::SPEND_CEILING
/home/calebl/Projects/text-adventure/lib/tasks/lab.rake:89: warning: previous definition of SPEND_CEILING was here
/home/calebl/Projects/text-adventure/lib/tasks/lab.rake:97: warning: already initialized constant LabTasks::CONFIRMATION
/home/calebl/Projects/text-adventure/lib/tasks/lab.rake:97: warning: previous definition of CONFIRMATION was here
/home/calebl/Projects/text-adventure/lib/tasks/eval.rake:259: warning: already initialized constant RealizationTasks::SPEND_CEILING
/home/calebl/Projects/text-adventure/lib/tasks/eval.rake:259: warning: previous definition of SPEND_CEILING was here
/home/calebl/Projects/text-adventure/lib/tasks/eval.rake:392: warning: already initialized constant PromptTasks::SPEND_CEILING
/home/calebl/Projects/text-adventure/lib/tasks/eval.rake:392: warning: previous definition of SPEND_CEILING was here
/home/calebl/Projects/text-adventure/lib/tasks/eval.rake:491: warning: already initialized constant ClassifierTasks::SPEND_CEILING
/home/calebl/Projects/text-adventure/lib/tasks/eval.rake:491: warning: previous definition of SPEND_CEILING was here
/home/calebl/Projects/text-adventure/lib/tasks/eval.rake:611: warning: already initialized constant EvalTasks::DEFAULT_REPS
/home/calebl/Projects/text-adventure/lib/tasks/eval.rake:611: warning: previous definition of DEFAULT_REPS was here
/home/calebl/Projects/text-adventure/lib/tasks/eval.rake:612: warning: already initialized constant EvalTasks::SPEND_CEILING
/home/calebl/Projects/text-adventure/lib/tasks/eval.rake:612: warning: previous definition of SPEND_CEILING was here
/home/calebl/Projects/text-adventure/lib/tasks/eval.rake:623: warning: already initialized constant EvalTasks::RUN_TIMEOUT
/home/calebl/Projects/text-adventure/lib/tasks/eval.rake:623: warning: previous definition of RUN_TIMEOUT was here
/home/calebl/Projects/text-adventure/lib/tasks/game.rake:714: warning: already initialized constant Helpers::MECHANICS_QUIT
/home/calebl/Projects/text-adventure/lib/tasks/game.rake:714: warning: previous definition of MECHANICS_QUIT was here
/home/calebl/Projects/text-adventure/lib/tasks/game.rake:776: warning: already initialized constant Helpers::REMEDY_LABELS
/home/calebl/Projects/text-adventure/lib/tasks/game.rake:776: warning: previous definition of REMEDY_LABELS was here
/home/calebl/Projects/text-adventure/lib/tasks/game.rake:845: warning: already initialized constant Helpers::SCORE_MARKS
/home/calebl/Projects/text-adventure/lib/tasks/game.rake:845: warning: previous definition of SCORE_MARKS was here
/home/calebl/Projects/text-adventure/lib/tasks/lab.rake:89: warning: already initialized constant LabTasks::SPEND_CEILING
/home/calebl/Projects/text-adventure/lib/tasks/lab.rake:89: warning: previous definition of SPEND_CEILING was here
/home/calebl/Projects/text-adventure/lib/tasks/lab.rake:97: warning: already initialized constant LabTasks::CONFIRMATION
/home/calebl/Projects/text-adventure/lib/tasks/lab.rake:97: warning: previous definition of CONFIRMATION was here
/home/calebl/Projects/text-adventure/lib/tasks/eval.rake:259: warning: already initialized constant RealizationTasks::SPEND_CEILING
/home/calebl/Projects/text-adventure/lib/tasks/eval.rake:259: warning: previous definition of SPEND_CEILING was here
/home/calebl/Projects/text-adventure/lib/tasks/eval.rake:392: warning: already initialized constant PromptTasks::SPEND_CEILING
/home/calebl/Projects/text-adventure/lib/tasks/eval.rake:392: warning: previous definition of SPEND_CEILING was here
/home/calebl/Projects/text-adventure/lib/tasks/eval.rake:491: warning: already initialized constant ClassifierTasks::SPEND_CEILING
/home/calebl/Projects/text-adventure/lib/tasks/eval.rake:491: warning: previous definition of SPEND_CEILING was here
/home/calebl/Projects/text-adventure/lib/tasks/eval.rake:611: warning: already initialized constant EvalTasks::DEFAULT_REPS
/home/calebl/Projects/text-adventure/lib/tasks/eval.rake:611: warning: previous definition of DEFAULT_REPS was here
/home/calebl/Projects/text-adventure/lib/tasks/eval.rake:612: warning: already initialized constant EvalTasks::SPEND_CEILING
/home/calebl/Projects/text-adventure/lib/tasks/eval.rake:612: warning: previous definition of SPEND_CEILING was here
/home/calebl/Projects/text-adventure/lib/tasks/eval.rake:623: warning: already initialized constant EvalTasks::RUN_TIMEOUT
/home/calebl/Projects/text-adventure/lib/tasks/eval.rake:623: warning: previous definition of RUN_TIMEOUT was here
N="0" is not a count. It wants a whole number above zero.
N="-2" is not a count. It wants a whole number above zero.
N="some" is not a count. It wants a whole number above zero.
./home/calebl/Projects/text-adventure/lib/tasks/game.rake:714: warning: already initialized constant Helpers::MECHANICS_QUIT
/home/calebl/Projects/text-adventure/lib/tasks/game.rake:714: warning: previous definition of MECHANICS_QUIT was here
/home/calebl/Projects/text-adventure/lib/tasks/eval.rake:259: warning: already initialized constant RealizationTasks::SPEND_CEILING
/home/calebl/Projects/text-adventure/lib/tasks/eval.rake:259: warning: previous definition of SPEND_CEILING was here
/home/calebl/Projects/text-adventure/lib/tasks/game.rake:776: warning: already initialized constant Helpers::REMEDY_LABELS
/home/calebl/Projects/text-adventure/lib/tasks/game.rake:776: warning: previous definition of REMEDY_LABELS was here
/home/calebl/Projects/text-adventure/lib/tasks/game.rake:845: warning: already initialized constant Helpers::SCORE_MARKS
/home/calebl/Projects/text-adventure/lib/tasks/game.rake:845: warning: previous definition of SCORE_MARKS was here
/home/calebl/Projects/text-adventure/lib/tasks/eval.rake:392: warning: already initialized constant PromptTasks::SPEND_CEILING
/home/calebl/Projects/text-adventure/lib/tasks/eval.rake:392: warning: previous definition of SPEND_CEILING was here
/home/calebl/Projects/text-adventure/lib/tasks/eval.rake:491: warning: already initialized constant ClassifierTasks::SPEND_CEILING
/home/calebl/Projects/text-adventure/lib/tasks/eval.rake:491: warning: previous definition of SPEND_CEILING was here
/home/calebl/Projects/text-adventure/lib/tasks/eval.rake:611: warning: already initialized constant EvalTasks::DEFAULT_REPS
/home/calebl/Projects/text-adventure/lib/tasks/eval.rake:611: warning: previous definition of DEFAULT_REPS was here
/home/calebl/Projects/text-adventure/lib/tasks/eval.rake:612: warning: already initialized constant EvalTasks::SPEND_CEILING
/home/calebl/Projects/text-adventure/lib/tasks/eval.rake:612: warning: previous definition of SPEND_CEILING was here
/home/calebl/Projects/text-adventure/lib/tasks/eval.rake:623: warning: already initialized constant EvalTasks::RUN_TIMEOUT
/home/calebl/Projects/text-adventure/lib/tasks/eval.rake:623: warning: previous definition of RUN_TIMEOUT was here
/home/calebl/Projects/text-adventure/lib/tasks/lab.rake:89: warning: already initialized constant LabTasks::SPEND_CEILING
/home/calebl/Projects/text-adventure/lib/tasks/lab.rake:89: warning: previous definition of SPEND_CEILING was here
/home/calebl/Projects/text-adventure/lib/tasks/lab.rake:97: warning: already initialized constant LabTasks::CONFIRMATION
/home/calebl/Projects/text-adventure/lib/tasks/lab.rake:97: warning: previous definition of CONFIRMATION was here
/home/calebl/Projects/text-adventure/lib/tasks/game.rake:714: warning: already initialized constant Helpers::MECHANICS_QUIT
/home/calebl/Projects/text-adventure/lib/tasks/game.rake:714: warning: previous definition of MECHANICS_QUIT was here
/home/calebl/Projects/text-adventure/lib/tasks/game.rake:776: warning: already initialized constant Helpers::REMEDY_LABELS
/home/calebl/Projects/text-adventure/lib/tasks/game.rake:776: warning: previous definition of REMEDY_LABELS was here
/home/calebl/Projects/text-adventure/lib/tasks/game.rake:845: warning: already initialized constant Helpers::SCORE_MARKS
/home/calebl/Projects/text-adventure/lib/tasks/game.rake:845: warning: previous definition of SCORE_MARKS was here
/home/calebl/Projects/text-adventure/lib/tasks/lab.rake:89: warning: already initialized constant LabTasks::SPEND_CEILING
/home/calebl/Projects/text-adventure/lib/tasks/lab.rake:89: warning: previous definition of SPEND_CEILING was here
/home/calebl/Projects/text-adventure/lib/tasks/lab.rake:97: warning: already initialized constant LabTasks::CONFIRMATION
/home/calebl/Projects/text-adventure/lib/tasks/lab.rake:97: warning: previous definition of CONFIRMATION was here
/home/calebl/Projects/text-adventure/lib/tasks/game.rake:714: warning: already initialized constant Helpers::MECHANICS_QUIT
/home/calebl/Projects/text-adventure/lib/tasks/game.rake:714: warning: previous definition of MECHANICS_QUIT was here
/home/calebl/Projects/text-adventure/lib/tasks/game.rake:776: warning: already initialized constant Helpers::REMEDY_LABELS
/home/calebl/Projects/text-adventure/lib/tasks/game.rake:776: warning: previous definition of REMEDY_LABELS was here
/home/calebl/Projects/text-adventure/lib/tasks/game.rake:845: warning: already initialized constant Helpers::SCORE_MARKS
/home/calebl/Projects/text-adventure/lib/tasks/game.rake:845: warning: previous definition of SCORE_MARKS was here
/home/calebl/Projects/text-adventure/lib/tasks/lab.rake:89: warning: already initialized constant LabTasks::SPEND_CEILING
/home/calebl/Projects/text-adventure/lib/tasks/lab.rake:89: warning: previous definition of SPEND_CEILING was here
/home/calebl/Projects/text-adventure/lib/tasks/lab.rake:97: warning: already initialized constant LabTasks::CONFIRMATION
/home/calebl/Projects/text-adventure/lib/tasks/lab.rake:97: warning: previous definition of CONFIRMATION was here
  The Quay House has no place called "Nowhere At All"
.VANTAGE=<id> is the vantage to draw. `rake lab:exits:vantages` lists them, and the lab at /lab/exits is where one is typed.
.KIND=<id> is the kind to draw. `rake lab:realization:kinds` lists them, and the lab at /lab/kinds is where one is typed.
The lab must not draw in the test environment.
...Test is missing assertions: `test_an_ordinary_look_at_a_vantage_is_well_inside_the_ceiling` /home/calebl/Projects/text-adventure/test/lib/tasks/lab_tasks_test.rb:220
.N=<count> is how many draws. 30 is what Lab::Realization::MIN_DRAWS calls established.
/home/calebl/Projects/text-adventure/lib/tasks/eval.rake:259: warning: already initialized constant RealizationTasks::SPEND_CEILING
/home/calebl/Projects/text-adventure/lib/tasks/eval.rake:259: warning: previous definition of SPEND_CEILING was here
/home/calebl/Projects/text-adventure/lib/tasks/eval.rake:392: warning: already initialized constant PromptTasks::SPEND_CEILING
/home/calebl/Projects/text-adventure/lib/tasks/eval.rake:392: warning: previous definition of SPEND_CEILING was here
/home/calebl/Projects/text-adventure/lib/tasks/eval.rake:491: warning: already initialized constant ClassifierTasks::SPEND_CEILING
/home/calebl/Projects/text-adventure/lib/tasks/eval.rake:491: warning: previous definition of SPEND_CEILING was here
/home/calebl/Projects/text-adventure/lib/tasks/eval.rake:611: warning: already initialized constant EvalTasks::DEFAULT_REPS
/home/calebl/Projects/text-adventure/lib/tasks/eval.rake:611: warning: previous definition of DEFAULT_REPS was here
/home/calebl/Projects/text-adventure/lib/tasks/eval.rake:612: warning: already initialized constant EvalTasks::SPEND_CEILING
/home/calebl/Projects/text-adventure/lib/tasks/eval.rake:612: warning: previous definition of SPEND_CEILING was here
/home/calebl/Projects/text-adventure/lib/tasks/eval.rake:623: warning: already initialized constant EvalTasks::RUN_TIMEOUT
/home/calebl/Projects/text-adventure/lib/tasks/eval.rake:623: warning: previous definition of RUN_TIMEOUT was here
.This spends money, so it wants YES=1 as well. Re-run with YES=1.
.../home/calebl/Projects/text-adventure/lib/tasks/eval.rake:259: warning: already initialized constant RealizationTasks::SPEND_CEILING
/home/calebl/Projects/text-adventure/lib/tasks/eval.rake:259: warning: previous definition of SPEND_CEILING was here
/home/calebl/Projects/text-adventure/lib/tasks/eval.rake:392: warning: already initialized constant PromptTasks::SPEND_CEILING
/home/calebl/Projects/text-adventure/lib/tasks/eval.rake:392: warning: previous definition of SPEND_CEILING was here
/home/calebl/Projects/text-adventure/lib/tasks/eval.rake:491: warning: already initialized constant ClassifierTasks::SPEND_CEILING
/home/calebl/Projects/text-adventure/lib/tasks/eval.rake:491: warning: previous definition of SPEND_CEILING was here
/home/calebl/Projects/text-adventure/lib/tasks/eval.rake:611: warning: already initialized constant EvalTasks::DEFAULT_REPS
/home/calebl/Projects/text-adventure/lib/tasks/eval.rake:611: warning: previous definition of DEFAULT_REPS was here
/home/calebl/Projects/text-adventure/lib/tasks/eval.rake:612: warning: already initialized constant EvalTasks::SPEND_CEILING
/home/calebl/Projects/text-adventure/lib/tasks/eval.rake:612: warning: previous definition of SPEND_CEILING was here
/home/calebl/Projects/text-adventure/lib/tasks/eval.rake:623: warning: already initialized constant EvalTasks::RUN_TIMEOUT
/home/calebl/Projects/text-adventure/lib/tasks/eval.rake:623: warning: previous definition of RUN_TIMEOUT was here
This spends money, so it wants YES=1 as well. Re-run with YES=1.
N=<count> is how many draws. 30 is what Lab::Realization::MIN_DRAWS calls established.
There is no vantage "999999". `rake lab:exits:vantages` lists the ones there are.
/home/calebl/Projects/text-adventure/lib/tasks/game.rake:714: warning: already initialized constant Helpers::MECHANICS_QUIT
/home/calebl/Projects/text-adventure/lib/tasks/game.rake:714: warning: previous definition of MECHANICS_QUIT was here
/home/calebl/Projects/text-adventure/lib/tasks/game.rake:776: warning: already initialized constant Helpers::REMEDY_LABELS
/home/calebl/Projects/text-adventure/lib/tasks/game.rake:776: warning: previous definition of REMEDY_LABELS was here
/home/calebl/Projects/text-adventure/lib/tasks/game.rake:845: warning: already initialized constant Helpers::SCORE_MARKS
/home/calebl/Projects/text-adventure/lib/tasks/game.rake:845: warning: previous definition of SCORE_MARKS was here
  The Quay House has no place called "Nowhere At All"
.../home/calebl/Projects/text-adventure/lib/tasks/lab.rake:89: warning: already initialized constant LabTasks::SPEND_CEILING
/home/calebl/Projects/text-adventure/lib/tasks/lab.rake:89: warning: previous definition of SPEND_CEILING was here
/home/calebl/Projects/text-adventure/lib/tasks/lab.rake:97: warning: already initialized constant LabTasks::CONFIRMATION
/home/calebl/Projects/text-adventure/lib/tasks/lab.rake:97: warning: previous definition of CONFIRMATION was here
/home/calebl/Projects/text-adventure/lib/tasks/game.rake:714: warning: already initialized constant Helpers::MECHANICS_QUIT
/home/calebl/Projects/text-adventure/lib/tasks/game.rake:714: warning: previous definition of MECHANICS_QUIT was here
/home/calebl/Projects/text-adventure/lib/tasks/game.rake:776: warning: already initialized constant Helpers::REMEDY_LABELS
/home/calebl/Projects/text-adventure/lib/tasks/game.rake:776: warning: previous definition of REMEDY_LABELS was here
/home/calebl/Projects/text-adventure/lib/tasks/game.rake:845: warning: already initialized constant Helpers::SCORE_MARKS
/home/calebl/Projects/text-adventure/lib/tasks/game.rake:845: warning: previous definition of SCORE_MARKS was here
.That is over the $0.25 this task will spend at all. Lower N.
/home/calebl/Projects/text-adventure/lib/tasks/lab.rake:89: warning: already initialized constant LabTasks::SPEND_CEILING
/home/calebl/Projects/text-adventure/lib/tasks/lab.rake:89: warning: previous definition of SPEND_CEILING was here
/home/calebl/Projects/text-adventure/lib/tasks/lab.rake:97: warning: already initialized constant LabTasks::CONFIRMATION
/home/calebl/Projects/text-adventure/lib/tasks/lab.rake:97: warning: previous definition of CONFIRMATION was here
.This spends money, so it wants YES=1 as well. Re-run with YES=1.
..That is over the $0.25 this task will spend at all. Lower N.
...There is no kind "999999". `rake lab:realization:kinds` lists the ones there are.
......../home/calebl/Projects/text-adventure/lib/tasks/eval.rake:259: warning: already initialized constant RealizationTasks::SPEND_CEILING
/home/calebl/Projects/text-adventure/lib/tasks/eval.rake:259: warning: previous definition of SPEND_CEILING was here
/home/calebl/Projects/text-adventure/lib/tasks/eval.rake:392: warning: already initialized constant PromptTasks::SPEND_CEILING
/home/calebl/Projects/text-adventure/lib/tasks/eval.rake:392: warning: previous definition of SPEND_CEILING was here
/home/calebl/Projects/text-adventure/lib/tasks/eval.rake:491: warning: already initialized constant ClassifierTasks::SPEND_CEILING
/home/calebl/Projects/text-adventure/lib/tasks/eval.rake:491: warning: previous definition of SPEND_CEILING was here
./home/calebl/Projects/text-adventure/lib/tasks/eval.rake:611: warning: already initialized constant EvalTasks::DEFAULT_REPS
/home/calebl/Projects/text-adventure/lib/tasks/eval.rake:611: warning: previous definition of DEFAULT_REPS was here
/home/calebl/Projects/text-adventure/lib/tasks/eval.rake:612: warning: already initialized constant EvalTasks::SPEND_CEILING
/home/calebl/Projects/text-adventure/lib/tasks/eval.rake:612: warning: previous definition of SPEND_CEILING was here
/home/calebl/Projects/text-adventure/lib/tasks/eval.rake:623: warning: already initialized constant EvalTasks::RUN_TIMEOUT
/home/calebl/Projects/text-adventure/lib/tasks/eval.rake:623: warning: previous definition of RUN_TIMEOUT was here
......The lab must not draw in the test environment.
/home/calebl/Projects/text-adventure/lib/tasks/game.rake:714: warning: already initialized constant Helpers::MECHANICS_QUIT
/home/calebl/Projects/text-adventure/lib/tasks/game.rake:714: warning: previous definition of MECHANICS_QUIT was here
/home/calebl/Projects/text-adventure/lib/tasks/game.rake:776: warning: already initialized constant Helpers::REMEDY_LABELS
/home/calebl/Projects/text-adventure/lib/tasks/game.rake:776: warning: previous definition of REMEDY_LABELS was here
/home/calebl/Projects/text-adventure/lib/tasks/game.rake:845: warning: already initialized constant Helpers::SCORE_MARKS
/home/calebl/Projects/text-adventure/lib/tasks/game.rake:845: warning: previous definition of SCORE_MARKS was here
.../home/calebl/Projects/text-adventure/lib/tasks/lab.rake:89: warning: already initialized constant LabTasks::SPEND_CEILING
/home/calebl/Projects/text-adventure/lib/tasks/lab.rake:89: warning: previous definition of SPEND_CEILING was here
/home/calebl/Projects/text-adventure/lib/tasks/lab.rake:97: warning: already initialized constant LabTasks::CONFIRMATION
/home/calebl/Projects/text-adventure/lib/tasks/lab.rake:97: warning: previous definition of CONFIRMATION was here
Test is missing assertions: `test_an_ordinary_look_at_a_kind_is_well_inside_the_ceiling` /home/calebl/Projects/text-adventure/test/lib/tasks/lab_tasks_test.rb:103
.......................................................................................................................................................................................................................................................................................................................................................................................................................................................................................................................................................................

Finished in 39.801427s, 104.3681 runs/s, 587.9186 assertions/s.
4154 runs, 23400 assertions, 0 failures, 0 errors, 0 skips
